Archive member included to satisfy reference by file (symbol)

D:/Program Files/stm32/STM32CubeIDE_1.18.1/STM32CubeIDE/plugins/com.st.stm32cube.ide.mcu.externaltools.gnu-tools-for-stm32.13.3.rel1.win32_1.0.0.202411081344/tools/bin/../lib/gcc/arm-none-eabi/13.3.1/../../../../arm-none-eabi/lib/thumb/v7e-m+fp/hard\libc_nano.a(libc_a-exit.o)
                              D:/Program Files/stm32/STM32CubeIDE_1.18.1/STM32CubeIDE/plugins/com.st.stm32cube.ide.mcu.externaltools.gnu-tools-for-stm32.13.3.rel1.win32_1.0.0.202411081344/tools/bin/../lib/gcc/arm-none-eabi/13.3.1/../../../../arm-none-eabi/lib/thumb/v7e-m+fp/hard/crt0.o (exit)
D:/Program Files/stm32/STM32CubeIDE_1.18.1/STM32CubeIDE/plugins/com.st.stm32cube.ide.mcu.externaltools.gnu-tools-for-stm32.13.3.rel1.win32_1.0.0.202411081344/tools/bin/../lib/gcc/arm-none-eabi/13.3.1/../../../../arm-none-eabi/lib/thumb/v7e-m+fp/hard\libc_nano.a(libc_a-findfp.o)
                              D:/Program Files/stm32/STM32CubeIDE_1.18.1/STM32CubeIDE/plugins/com.st.stm32cube.ide.mcu.externaltools.gnu-tools-for-stm32.13.3.rel1.win32_1.0.0.202411081344/tools/bin/../lib/gcc/arm-none-eabi/13.3.1/../../../../arm-none-eabi/lib/thumb/v7e-m+fp/hard\libc_nano.a(libc_a-exit.o) (__stdio_exit_handler)
D:/Program Files/stm32/STM32CubeIDE_1.18.1/STM32CubeIDE/plugins/com.st.stm32cube.ide.mcu.externaltools.gnu-tools-for-stm32.13.3.rel1.win32_1.0.0.202411081344/tools/bin/../lib/gcc/arm-none-eabi/13.3.1/../../../../arm-none-eabi/lib/thumb/v7e-m+fp/hard\libc_nano.a(libc_a-fwalk.o)
                              D:/Program Files/stm32/STM32CubeIDE_1.18.1/STM32CubeIDE/plugins/com.st.stm32cube.ide.mcu.externaltools.gnu-tools-for-stm32.13.3.rel1.win32_1.0.0.202411081344/tools/bin/../lib/gcc/arm-none-eabi/13.3.1/../../../../arm-none-eabi/lib/thumb/v7e-m+fp/hard\libc_nano.a(libc_a-findfp.o) (_fwalk_sglue)
D:/Program Files/stm32/STM32CubeIDE_1.18.1/STM32CubeIDE/plugins/com.st.stm32cube.ide.mcu.externaltools.gnu-tools-for-stm32.13.3.rel1.win32_1.0.0.202411081344/tools/bin/../lib/gcc/arm-none-eabi/13.3.1/../../../../arm-none-eabi/lib/thumb/v7e-m+fp/hard\libc_nano.a(libc_a-stdio.o)
                              D:/Program Files/stm32/STM32CubeIDE_1.18.1/STM32CubeIDE/plugins/com.st.stm32cube.ide.mcu.externaltools.gnu-tools-for-stm32.13.3.rel1.win32_1.0.0.202411081344/tools/bin/../lib/gcc/arm-none-eabi/13.3.1/../../../../arm-none-eabi/lib/thumb/v7e-m+fp/hard\libc_nano.a(libc_a-findfp.o) (__sread)
D:/Program Files/stm32/STM32CubeIDE_1.18.1/STM32CubeIDE/plugins/com.st.stm32cube.ide.mcu.externaltools.gnu-tools-for-stm32.13.3.rel1.win32_1.0.0.202411081344/tools/bin/../lib/gcc/arm-none-eabi/13.3.1/../../../../arm-none-eabi/lib/thumb/v7e-m+fp/hard\libc_nano.a(libc_a-memset.o)
                              D:/Program Files/stm32/STM32CubeIDE_1.18.1/STM32CubeIDE/plugins/com.st.stm32cube.ide.mcu.externaltools.gnu-tools-for-stm32.13.3.rel1.win32_1.0.0.202411081344/tools/bin/../lib/gcc/arm-none-eabi/13.3.1/../../../../arm-none-eabi/lib/thumb/v7e-m+fp/hard/crt0.o (memset)
D:/Program Files/stm32/STM32CubeIDE_1.18.1/STM32CubeIDE/plugins/com.st.stm32cube.ide.mcu.externaltools.gnu-tools-for-stm32.13.3.rel1.win32_1.0.0.202411081344/tools/bin/../lib/gcc/arm-none-eabi/13.3.1/../../../../arm-none-eabi/lib/thumb/v7e-m+fp/hard\libc_nano.a(libc_a-closer.o)
                              D:/Program Files/stm32/STM32CubeIDE_1.18.1/STM32CubeIDE/plugins/com.st.stm32cube.ide.mcu.externaltools.gnu-tools-for-stm32.13.3.rel1.win32_1.0.0.202411081344/tools/bin/../lib/gcc/arm-none-eabi/13.3.1/../../../../arm-none-eabi/lib/thumb/v7e-m+fp/hard\libc_nano.a(libc_a-stdio.o) (_close_r)
D:/Program Files/stm32/STM32CubeIDE_1.18.1/STM32CubeIDE/plugins/com.st.stm32cube.ide.mcu.externaltools.gnu-tools-for-stm32.13.3.rel1.win32_1.0.0.202411081344/tools/bin/../lib/gcc/arm-none-eabi/13.3.1/../../../../arm-none-eabi/lib/thumb/v7e-m+fp/hard\libc_nano.a(libc_a-reent.o)
                              D:/Program Files/stm32/STM32CubeIDE_1.18.1/STM32CubeIDE/plugins/com.st.stm32cube.ide.mcu.externaltools.gnu-tools-for-stm32.13.3.rel1.win32_1.0.0.202411081344/tools/bin/../lib/gcc/arm-none-eabi/13.3.1/../../../../arm-none-eabi/lib/thumb/v7e-m+fp/hard\libc_nano.a(libc_a-closer.o) (errno)
D:/Program Files/stm32/STM32CubeIDE_1.18.1/STM32CubeIDE/plugins/com.st.stm32cube.ide.mcu.externaltools.gnu-tools-for-stm32.13.3.rel1.win32_1.0.0.202411081344/tools/bin/../lib/gcc/arm-none-eabi/13.3.1/../../../../arm-none-eabi/lib/thumb/v7e-m+fp/hard\libc_nano.a(libc_a-impure.o)
                              D:/Program Files/stm32/STM32CubeIDE_1.18.1/STM32CubeIDE/plugins/com.st.stm32cube.ide.mcu.externaltools.gnu-tools-for-stm32.13.3.rel1.win32_1.0.0.202411081344/tools/bin/../lib/gcc/arm-none-eabi/13.3.1/../../../../arm-none-eabi/lib/thumb/v7e-m+fp/hard\libc_nano.a(libc_a-reent.o) (_impure_ptr)
[...]
Memory Configuration

Name             Origin             Length             Attributes
RAM              0x20000000         0x00040000         xrw
RAM2             0x10000000         0x00010000         xrw
FLASH            0x08000000         0x00100000         xr
*default*        0x00000000         0xffffffff

Linker script and memory map

LOAD D:/Program Files/stm32/STM32CubeIDE_1.18.1/STM32CubeIDE/plugins/com.st.stm32cube.ide.mcu.externaltools.gnu-tools-for-stm32.13.3.rel1.win32_1.0.0.202411081344/tools/bin/../lib/gcc/arm-none-eabi/13.3.1/thumb/v7e-m+fp/hard/crti.o
LOAD D:/Program Files/stm32/STM32CubeIDE_1.18.1/STM32CubeIDE/plugins/com.st.stm32cube.ide.mcu.externaltools.gnu-tools-for-stm32.13.3.rel1.win32_1.0.0.202411081344/tools/bin/../lib/gcc/arm-none-eabi/13.3.1/thumb/v7e-m+fp/hard/crtbegin.o
LOAD D:/Program Files/stm32/STM32CubeIDE_1.18.1/STM32CubeIDE/plugins/com.st.stm32cube.ide.mcu.externaltools.gnu-tools-for-stm32.13.3.rel1.win32_1.0.0.202411081344/tools/bin/../lib/gcc/arm-none-eabi/13.3.1/../../../../arm-none-eabi/lib/thumb/v7e-m+fp/hard/crt0.o
LOAD ./Core/Src/BME280_STM32.o
LOAD ./Core/Src/main.o
LOAD ./Core/Src/stm32l4xx_hal_msp.o
LOAD ./Core/Src/stm32l4xx_it.o
LOAD ./Core/Src/syscalls.o
LOAD ./Core/Src/sysmem.o
LOAD ./Core/Src/system_stm32l4xx.o
LOAD ./Core/Startup/startup_stm32l496zgtxp.o
LOAD ./Drivers/STM32L4xx_HAL_Driver/stm32l4xx_hal.o
LOAD ./Drivers/STM32L4xx_HAL_Driver/stm32l4xx_hal_cortex.o
LOAD ./Drivers/STM32L4xx_HAL_Driver/stm32l4xx_hal_dma.o
LOAD ./Drivers/STM32L4xx_HAL_Driver/stm32l4xx_hal_dma_ex.o
LOAD ./Drivers/STM32L4xx_HAL_Driver/stm32l4xx_hal_exti.o
LOAD ./Drivers/STM32L4xx_HAL_Driver/stm32l4xx_hal_flash.o
LOAD ./Drivers/STM32L4xx_HAL_Driver/stm32l4xx_hal_flash_ex.o
LOAD ./Drivers/STM32L4xx_HAL_Driver/stm32l4xx_hal_flash_ramfunc.o
LOAD ./Drivers/STM32L4xx_HAL_Driver/stm32l4xx_hal_gpio.o
LOAD ./Drivers/STM32L4xx_HAL_Driver/stm32l4xx_hal_i2c.o
LOAD ./Drivers/STM32L4xx_HAL_Driver/stm32l4xx_hal_i2c_ex.o
LOAD ./Drivers/STM32L4xx_HAL_Driver/stm32l4xx_hal_pwr.o
LOAD ./Drivers/STM32L4xx_HAL_Driver/stm32l4xx_hal_pwr_ex.o
LOAD ./Drivers/STM32L4xx_HAL_Driver/stm32l4xx_hal_rcc.o
LOAD ./Drivers/STM32L4xx_HAL_Driver/stm32l4xx_hal_rcc_ex.o
START GROUP
LOAD D:/Program Files/stm32/STM32CubeIDE_1.18.1/STM32CubeIDE/plugins/com.st.stm32cube.ide.mcu.externaltools.gnu-tools-for-stm32.13.3.rel1.win32_1.0.0.202411081344/tools/bin/../lib/gcc/arm-none-eabi/13.3.1/../../../../arm-none-eabi/lib/thumb/v7e-m+fp/hard\libc_nano.a
LOAD D:/Program Files/stm32/STM32CubeIDE_1.18.1/STM32CubeIDE/plugins/com.st.stm32cube.ide.mcu.externaltools.gnu-tools-for-stm32.13.3.rel1.win32_1.0.0.202411081344/tools/bin/../lib/gcc/arm-none-eabi/13.3.1/../../../../arm-none-eabi/lib/thumb/v7e-m+fp/hard\libm.a
END GROUP
START GROUP
LOAD D:/Program Files/stm32/STM32CubeIDE_1.18.1/STM32CubeIDE/plugins/com.st.stm32cube.ide.mcu.externaltools.gnu-tools-for-stm32.13.3.rel1.win32_1.0.0.202411081344/tools/bin/../lib/gcc/arm-none-eabi/13.3.1/thumb/v7e-m+fp/hard\libgcc.a
LOAD D:/Program Files/stm32/STM32CubeIDE_1.18.1/STM32CubeIDE/plugins/com.st.stm32cube.ide.mcu.externaltools.gnu-tools-for-stm32.13.3.rel1.win32_1.0.0.202411081344/tools/bin/../lib/gcc/arm-none-eabi/13.3.1/../../../../arm-none-eabi/lib/thumb/v7e-m+fp/hard\libc_nano.a
END GROUP
START GROUP
LOAD D:/Program Files/stm32/STM32CubeIDE_1.18.1/STM32CubeIDE/plugins/com.st.stm32cube.ide.mcu.externaltools.gnu-tools-for-stm32.13.3.rel1.win32_1.0.0.202411081344/tools/bin/../lib/gcc/arm-none-eabi/13.3.1/thumb/v7e-m+fp/hard\libgcc.a
LOAD D:/Program Files/stm32/STM32CubeIDE_1.18.1/STM32CubeIDE/plugins/com.st.stm32cube.ide.mcu.externaltools.gnu-tools-for-stm32.13.3.rel1.win32_1.0.0.202411081344/tools/bin/../lib/gcc/arm-none-eabi/13.3.1/../../../../arm-none-eabi/lib/thumb/v7e-m+fp/hard\libc_nano.a
LOAD D:/Program Files/stm32/STM32CubeIDE_1.18.1/STM32CubeIDE/plugins/com.st.stm32cube.ide.mcu.externaltools.gnu-tools-for-stm32.13.3.rel1.win32_1.0.0.202411081344/tools/bin/../lib/gcc/arm-none-eabi/13.3.1/../../../../arm-none-eabi/lib/thumb/v7e-m+fp/hard\libnosys.a
END GROUP
START GROUP
LOAD D:/Program Files/stm32/STM32CubeIDE_1.18.1/STM32CubeIDE/plugins/com.st.stm32cube.ide.mcu.externaltools.gnu-tools-for-stm32.13.3.rel1.win32_1.0.0.202411081344/tools/bin/../lib/gcc/arm-none-eabi/13.3.1/thumb/v7e-m+fp/hard\libgcc.a
LOAD D:/Program Files/stm32/STM32CubeIDE_1.18.1/STM32CubeIDE/plugins/com.st.stm32cube.ide.mcu.externaltools.gnu-tools-for-stm32.13.3.rel1.win32_1.0.0.202411081344/tools/bin/../lib/gcc/arm-none-eabi/13.3.1/../../../../arm-none-eabi/lib/thumb/v7e-m+fp/hard\libc_nano.a
LOAD D:/Program Files/stm32/STM32CubeIDE_1.18.1/STM32CubeIDE/plugins/com.st.stm32cube.ide.mcu.externaltools.gnu-tools-for-stm32.13.3.rel1.win32_1.0.0.202411081344/tools/bin/../lib/gcc/arm-none-eabi/13.3.1/../../../../arm-none-eabi/lib/thumb/v7e-m+fp/hard\libnosys.a
END GROUP
LOAD D:/Program Files/stm32/STM32CubeIDE_1.18.1/STM32CubeIDE/plugins/com.st.stm32cube.ide.mcu.externaltools.gnu-tools-for-stm32.13.3.rel1.win32_1.0.0.202411081344/tools/bin/../lib/gcc/arm-none-eabi/13.3.1/thumb/v7e-m+fp/hard/crtend.o
LOAD D:/Program Files/stm32/STM32CubeIDE_1.18.1/STM32CubeIDE/plugins/com.st.stm32cube.ide.mcu.externaltools.gnu-tools-for-stm32.13.3.rel1.win32_1.0.0.202411081344/tools/bin/../lib/gcc/arm-none-eabi/13.3.1/thumb/v7e-m+fp/hard/crtn.o
                0x20040000                        _estack = (ORIGIN (RAM) + LENGTH (RAM))
                0x00000200                        _Min_Heap_Size = 0x200
                0x00000400                        _Min_Stack_Size = 0x400

.isr_vector     0x08000000      0x1ac
                0x08000000                        . = ALIGN (0x4)
 *(.isr_vector)
 .isr_vector    0x08000000      0x1ac ./Core/Startup/startup_stm32l496zgtxp.o
                0x08000000                g_pfnVectors
                0x080001ac                        . = ALIGN (0x4)

.text           0x080001ac     0xd4d8
                0x080001ac                        . = ALIGN (0x4)
 *(.text)
 .text          0x080001ac       0x40 D:/Program Files/stm32/STM32CubeIDE_1.18.1/STM32CubeIDE/plugins/com.st.stm32cube.ide.mcu.externaltools.gnu-tools-for-stm32.13.3.rel1.win32_1.0.0.202411081344/tools/bin/../lib/gcc/arm-none-eabi/13.3.1/thumb/v7e-m+fp/hard/crtbegin.o
 .text          0x080001ec      0xccc ./Core/Src/BME280_STM32.o
                0x080001ec                TrimRead
                0x080003d0                BME280_Config
                0x08000580                BMEReadRaw
                0x08000620                BME280_WakeUP
                0x080006b8                BME280_compensate_T_int32
                0x0800073c                BME280_compensate_P_int64
                0x08000cc8                bme280_compensate_H_int32
                0x08000da0                BME280_Measure
 .text          0x08000eb8      0x1cc ./Core/Src/main.o
                0x08000eb8                main
                0x08000ef8                SystemClock_Config
                0x08001078                Error_Handler
 .text          0x08001084      0x150 ./Core/Src/stm32l4xx_hal_msp.o
                0x08001084                HAL_MspInit
                0x080010cc                HAL_I2C_MspInit
                0x0800118c                HAL_I2C_MspDeInit
 .text          0x080011d4       0x5e ./Core/Src/stm32l4xx_it.o
                0x080011d4                NMI_Handler
                0x080011dc                HardFault_Handler
                0x080011e4                MemManage_Handler
                0x080011ec                BusFault_Handler
                0x080011f4                UsageFault_Handler
                0x080011fc                SVC_Handler
                0x0800120a                DebugMon_Handler
                0x08001218                PendSV_Handler
                0x08001226                SysTick_Handler
 *fill*         0x08001232        0x2 
 .text          0x08001234      0x180 ./Core/Src/system_stm32l4xx.o
                0x08001234                SystemInit
                0x08001258                SystemCoreClockUpdate
 .text          0x080013b4      0x540 ./Drivers/STM32L4xx_HAL_Driver/stm32l4xx_hal.o
                0x080013b4                HAL_Init
                0x080013e4                HAL_DeInit
                0x0800145a                HAL_MspDeInit
                0x08001468                HAL_InitTick
                0x080014e0                HAL_IncTick
                0x08001508                HAL_GetTick
                0x08001520                HAL_GetTickPrio
                0x08001538                HAL_SetTickFreq
                0x08001588                HAL_GetTickFreq
                0x080015a0                HAL_Delay
                0x080015e8                HAL_SuspendTick
                0x08001608                HAL_ResumeTick
                0x08001628                HAL_GetHalVersion
                0x0800163c                HAL_GetREVID
                0x08001658                HAL_GetDEVID
                0x08001674                HAL_GetUIDw0
                0x0800168c                HAL_GetUIDw1
                0x080016a4                HAL_GetUIDw2
                0x080016bc                HAL_DBGMCU_EnableDBGSleepMode
                0x080016dc                HAL_DBGMCU_DisableDBGSleepMode
                0x080016fc                HAL_DBGMCU_EnableDBGStopMode
                0x0800171c                HAL_DBGMCU_DisableDBGStopMode
                0x0800173c                HAL_DBGMCU_EnableDBGStandbyMode
                0x0800175c                HAL_DBGMCU_DisableDBGStandbyMode
                0x0800177c                HAL_SYSCFG_SRAM2Erase
                0x080017a4                HAL_SYSCFG_EnableMemorySwappingBank
                0x080017bc                HAL_SYSCFG_DisableMemorySwappingBank
                0x080017d4                HAL_SYSCFG_VREFBUF_VoltageScalingConfig
                0x080017fc                HAL_SYSCFG_VREFBUF_HighImpedanceConfig
                0x08001824                HAL_SYSCFG_VREFBUF_TrimmingConfig
                0x0800184c                HAL_SYSCFG_EnableVREFBUF
                0x08001894                HAL_SYSCFG_DisableVREFBUF
                0x080018b4                HAL_SYSCFG_EnableIOAnalogSwitchBooster
                0x080018d4                HAL_SYSCFG_DisableIOAnalogSwitchBooster
 .text          0x080018f4      0x69c ./Drivers/STM32L4xx_HAL_Driver/stm32l4xx_hal_cortex.o
                0x08001cc4                HAL_NVIC_SetPriorityGrouping
                0x08001cda                HAL_NVIC_SetPriority
                0x08001d12                HAL_NVIC_EnableIRQ
                0x08001d2e                HAL_NVIC_DisableIRQ
                0x08001d4a                HAL_NVIC_SystemReset
                0x08001d52                HAL_SYSTICK_Config
                0x08001d6a                HAL_NVIC_GetPriorityGrouping
                0x08001d78                HAL_NVIC_GetPriority
                0x08001da4                HAL_NVIC_SetPendingIRQ
                0x08001dc0                HAL_NVIC_GetPendingIRQ
                0x08001dde                HAL_NVIC_ClearPendingIRQ
                0x08001dfa                HAL_NVIC_GetActive
                0x08001e18                HAL_SYSTICK_CLKSourceConfig
                0x08001e50                HAL_SYSTICK_IRQHandler
                0x08001e5c                HAL_SYSTICK_Callback
                0x08001e6a                HAL_MPU_Enable
                0x08001e98                HAL_MPU_Disable
                0x08001eb8                HAL_MPU_EnableRegion
                0x08001ee4                HAL_MPU_DisableRegion
                0x08001f10                HAL_MPU_ConfigRegion
 .text          0x08001f90      0x958 ./Drivers/STM32L4xx_HAL_Driver/stm32l4xx_hal_dma.o
                0x08001f90                HAL_DMA_Init
                0x08002100                HAL_DMA_DeInit
                0x08002224                HAL_DMA_Start
                0x080022aa                HAL_DMA_Start_IT
                0x0800236a                HAL_DMA_Abort
                0x080023e6                HAL_DMA_Abort_IT
                0x08002468                HAL_DMA_PollForTransfer
                0x080025b6                HAL_DMA_IRQHandler
                0x08002714                HAL_DMA_RegisterCallback
                0x080027a4                HAL_DMA_UnRegisterCallback
                0x08002852                HAL_DMA_GetState
                0x0800286e                HAL_DMA_GetError
 .text          0x080028e8      0x634 ./Drivers/STM32L4xx_HAL_Driver/stm32l4xx_hal_gpio.o
                0x080028e8                HAL_GPIO_Init
                0x08002c0c                HAL_GPIO_DeInit
                0x08002df0                HAL_GPIO_ReadPin
                0x08002e20                HAL_GPIO_WritePin
                0x08002e50                HAL_GPIO_TogglePin
                0x08002e84                HAL_GPIO_LockPin
                0x08002ed4                HAL_GPIO_EXTI_IRQHandler
                0x08002f04                HAL_GPIO_EXTI_Callback
 .text          0x08002f1c     0x5594 ./Drivers/STM32L4xx_HAL_Driver/stm32l4xx_hal_i2c.o
                0x08002f1c                HAL_I2C_Init
                0x08003052                HAL_I2C_DeInit
                0x080030d8                HAL_I2C_Master_Transmit
                0x08003308                HAL_I2C_Master_Receive
                0x080034f4                HAL_I2C_Slave_Transmit
                0x0800378e                HAL_I2C_Slave_Receive
                0x080039ae                HAL_I2C_Master_Transmit_IT
                0x08003ae0                HAL_I2C_Master_Receive_IT
                0x08003bc0                HAL_I2C_Slave_Transmit_IT
                0x08003c9c                HAL_I2C_Slave_Receive_IT
                0x08003d3c                HAL_I2C_Master_Transmit_DMA
                0x08003f64                HAL_I2C_Master_Receive_DMA
                0x08004144                HAL_I2C_Slave_Transmit_DMA
                0x0800431c                HAL_I2C_Slave_Receive_DMA
                0x08004488                HAL_I2C_Mem_Write
                0x080046b0                HAL_I2C_Mem_Read
                0x080048e4                HAL_I2C_Mem_Write_IT
                0x080049f8                HAL_I2C_Mem_Read_IT
                0x08004b04                HAL_I2C_Mem_Write_DMA
                0x08004cd0                HAL_I2C_Mem_Read_DMA
                0x08004e9c                HAL_I2C_IsDeviceReady
                0x08005074                HAL_I2C_Master_Seq_Transmit_IT
                0x080051f0                HAL_I2C_Master_Seq_Transmit_DMA
                0x0800548e                HAL_I2C_Master_Seq_Receive_IT
                0x08005594                HAL_I2C_Master_Seq_Receive_DMA
                0x0800579c                HAL_I2C_Slave_Seq_Transmit_IT
                0x08005900                HAL_I2C_Slave_Seq_Transmit_DMA
                0x08005b8c                HAL_I2C_Slave_Seq_Receive_IT
                0x08005cf0                HAL_I2C_Slave_Seq_Receive_DMA
                0x08005f7c                HAL_I2C_EnableListen_IT
                0x08005fbc                HAL_I2C_DisableListen_IT
                0x0800601e                HAL_I2C_Master_Abort_IT
                0x080060c8                HAL_I2C_EV_IRQHandler
                0x080060fc                HAL_I2C_ER_IRQHandler
                0x080061be                HAL_I2C_MasterTxCpltCallback
                0x080061d2                HAL_I2C_MasterRxCpltCallback
                0x080061e6                HAL_I2C_SlaveTxCpltCallback
                0x080061fa                HAL_I2C_SlaveRxCpltCallback
                0x0800620e                HAL_I2C_AddrCallback
                0x0800622a                HAL_I2C_ListenCpltCallback
                0x0800623e                HAL_I2C_MemTxCpltCallback
                0x08006252                HAL_I2C_MemRxCpltCallback
                0x08006266                HAL_I2C_ErrorCallback
                0x0800627a                HAL_I2C_AbortCpltCallback
                0x0800628e                HAL_I2C_GetState
                0x080062aa                HAL_I2C_GetMode
                0x080062c6                HAL_I2C_GetError
 .text          0x080084b0      0x2bc ./Drivers/STM32L4xx_HAL_Driver/stm32l4xx_hal_i2c_ex.o
                0x080084b0                HAL_I2CEx_ConfigAnalogFilter
                0x08008546                HAL_I2CEx_ConfigDigitalFilter
                0x080085de                HAL_I2CEx_EnableWakeUp
                0x08008662                HAL_I2CEx_DisableWakeUp
                0x080086e6                HAL_I2CEx_EnableFastModePlus
                0x08008728                HAL_I2CEx_DisableFastModePlus
 .text          0x0800876c      0x334 ./Drivers/STM32L4xx_HAL_Driver/stm32l4xx_hal_pwr.o
                0x0800876c                HAL_PWR_DeInit
                0x08008798                HAL_PWR_EnableBkUpAccess
                0x080087b8                HAL_PWR_DisableBkUpAccess
                0x080087d8                HAL_PWR_ConfigPVD
                0x08008898                HAL_PWR_EnablePVD
                0x080088b8                HAL_PWR_DisablePVD
                0x080088d8                HAL_PWR_EnableWakeUpPin
                0x08008918                HAL_PWR_DisableWakeUpPin
                0x08008944                HAL_PWR_EnterSLEEPMode
                0x080089ac                HAL_PWR_EnterSTOPMode
                0x080089da                HAL_PWR_EnterSTANDBYMode
                0x08008a10                HAL_PWR_EnableSleepOnExit
                0x08008a30                HAL_PWR_DisableSleepOnExit
                0x08008a50                HAL_PWR_EnableSEVOnPend
                0x08008a70                HAL_PWR_DisableSEVOnPend
                0x08008a90                HAL_PWR_PVDCallback
 .text          0x08008aa0      0xd74 ./Drivers/STM32L4xx_HAL_Driver/stm32l4xx_hal_pwr_ex.o
                0x08008aa0                HAL_PWREx_GetVoltageRange
                0x08008abc                HAL_PWREx_ControlVoltageScaling
                0x08008b68                HAL_PWREx_EnableBatteryCharging
                0x08008b9c                HAL_PWREx_DisableBatteryCharging
                0x08008bbc                HAL_PWREx_EnableVddUSB
                0x08008bdc                HAL_PWREx_DisableVddUSB
                0x08008bfc                HAL_PWREx_EnableVddIO2
                0x08008c1c                HAL_PWREx_DisableVddIO2
                0x08008c3c                HAL_PWREx_EnableInternalWakeUpLine
                0x08008c5c                HAL_PWREx_DisableInternalWakeUpLine
                0x08008c7c                HAL_PWREx_EnableGPIOPullUp
                0x08008dec                HAL_PWREx_DisableGPIOPullUp
                0x08008ee0                HAL_PWREx_EnableGPIOPullDown
                0x08009050                HAL_PWREx_DisableGPIOPullDown
                0x0800914c                HAL_PWREx_EnablePullUpPullDownConfig
                0x0800916c                HAL_PWREx_DisablePullUpPullDownConfig
                0x0800918c                HAL_PWREx_EnableSRAM2ContentRetention
                0x0800919c                HAL_PWREx_DisableSRAM2ContentRetention
                0x080091aa                HAL_PWREx_SetSRAM2ContentRetention
                0x080091f4                HAL_PWREx_EnablePVM1
                0x08009214                HAL_PWREx_DisablePVM1
                0x08009234                HAL_PWREx_EnablePVM2
                0x08009254                HAL_PWREx_DisablePVM2
                0x08009274                HAL_PWREx_EnablePVM3
                0x08009294                HAL_PWREx_DisablePVM3
                0x080092b4                HAL_PWREx_EnablePVM4
                0x080092d4                HAL_PWREx_DisablePVM4
                0x080092f4                HAL_PWREx_ConfigPVM
                0x08009598                HAL_PWREx_EnableLowPowerRunMode
                0x080095b8                HAL_PWREx_DisableLowPowerRunMode
                0x08009628                HAL_PWREx_EnterSTOP0Mode
                0x0800967c                HAL_PWREx_EnterSTOP1Mode
                0x080096d4                HAL_PWREx_EnterSTOP2Mode
                0x0800972c                HAL_PWREx_EnterSHUTDOWNMode
                0x08009760                HAL_PWREx_PVD_PVM_IRQHandler
                0x080097dc                HAL_PWREx_PVM1Callback
                0x080097ea                HAL_PWREx_PVM2Callback
                0x080097f8                HAL_PWREx_PVM3Callback
                0x08009806                HAL_PWREx_PVM4Callback
 .text          0x08009814     0x10ac ./Drivers/STM32L4xx_HAL_Driver/stm32l4xx_hal_rcc.o
                0x08009814                HAL_RCC_DeInit
                0x08009958                HAL_RCC_OscConfig
                0x0800a18c                HAL_RCC_ClockConfig
                0x0800a38c                HAL_RCC_MCOConfig
                0x0800a3f4                HAL_RCC_GetSysClockFreq
                0x0800a50c                HAL_RCC_GetHCLKFreq
                0x0800a524                HAL_RCC_GetPCLK1Freq
                0x0800a550                HAL_RCC_GetPCLK2Freq
                0x0800a57c                HAL_RCC_GetOscConfig
                0x0800a710                HAL_RCC_GetClockConfig
                0x0800a774                HAL_RCC_EnableCSS
                0x0800a794                HAL_RCC_NMI_IRQHandler
                0x0800a7bc                HAL_RCC_CSSCallback
                0x0800a7ca                HAL_RCC_GetResetSource
 .text          0x0800a8c0     0x2128 ./Drivers/STM32L4xx_HAL_Driver/stm32l4xx_hal_rcc_ex.o
                0x0800a8c0                HAL_RCCEx_PeriphCLKConfig
                0x0800aeb8                HAL_RCCEx_GetPeriphCLKConfig
                0x0800b0a8                HAL_RCCEx_GetPeriphCLKFreq
                0x0800bc18                HAL_RCCEx_EnablePLLSAI1
                0x0800bce8                HAL_RCCEx_DisablePLLSAI1
                0x0800bd5c                HAL_RCCEx_EnablePLLSAI2
                0x0800be20                HAL_RCCEx_DisablePLLSAI2
                0x0800be94                HAL_RCCEx_WakeUpStopCLKConfig
                0x0800bebc                HAL_RCCEx_StandbyMSIRangeConfig
                0x0800beec                HAL_RCCEx_EnableLSECSS
                0x0800bf10                HAL_RCCEx_DisableLSECSS
                0x0800bf40                HAL_RCCEx_EnableLSECSS_IT
                0x0800bf8c                HAL_RCCEx_LSECSS_IRQHandler
                0x0800bfb4                HAL_RCCEx_LSECSS_Callback
                0x0800bfc2                HAL_RCCEx_EnableLSCO
                0x0800c094                HAL_RCCEx_DisableLSCO
                0x0800c11c                HAL_RCCEx_EnableMSIPLLMode
                0x0800c13c                HAL_RCCEx_DisableMSIPLLMode
                0x0800c15c                HAL_RCCEx_CRSConfig
                0x0800c1e0                HAL_RCCEx_CRSSoftwareSynchronizationGenerate
                0x0800c200                HAL_RCCEx_CRSGetSynchronizationInfo
                0x0800c248                HAL_RCCEx_CRSWaitSynchronization
                0x0800c32c                HAL_RCCEx_CRS_IRQHandler
                0x0800c408                HAL_RCCEx_CRS_SyncOkCallback
                0x0800c416                HAL_RCCEx_CRS_SyncWarnCallback
                0x0800c424                HAL_RCCEx_CRS_ExpectedSyncCallback
                0x0800c432                HAL_RCCEx_CRS_ErrorCallback
 .text          0x0800c9e8      0x378 D:/Program Files/stm32/STM32CubeIDE_1.18.1/STM32CubeIDE/plugins/com.st.stm32cube.ide.mcu.externaltools.gnu-tools-for-stm32.13.3.rel1.win32_1.0.0.202411081344/tools/bin/../lib/gcc/arm-none-eabi/13.3.1/thumb/v7e-m+fp/hard\libgcc.a(_arm_addsubdf3.o)
                0x0800c9e8                __aeabi_drsub
                0x0800c9f0                __aeabi_dsub
                0x0800c9f0                __subdf3
                0x0800c9f4                __aeabi_dadd
                0x0800c9f4                __adddf3
                0x0800cc6c                __floatunsidf
                0x0800cc6c                __aeabi_ui2d
                0x0800cc8c                __floatsidf
                0x0800cc8c                __aeabi_i2d
                0x0800ccb0                __aeabi_f2d
                0x0800ccb0                __extendsfdf2
                0x0800ccf4                __floatundidf
                0x0800ccf4                __aeabi_ul2d
                0x0800cd04                __floatdidf
                0x0800cd04                __aeabi_l2d
 .text          0x0800cd60      0x424 D:/Program Files/stm32/STM32CubeIDE_1.18.1/STM32CubeIDE/plugins/com.st.stm32cube.ide.mcu.externaltools.gnu-tools-for-stm32.13.3.rel1.win32_1.0.0.202411081344/tools/bin/../lib/gcc/arm-none-eabi/13.3.1/thumb/v7e-m+fp/hard\libgcc.a(_arm_muldivdf3.o)
                0x0800cd60                __aeabi_dmul
                0x0800cd60                __muldf3
                0x0800cfb4                __divdf3
                0x0800cfb4                __aeabi_ddiv
 .text          0x0800d184       0xa0 D:/Program Files/stm32/STM32CubeIDE_1.18.1/STM32CubeIDE/plugins/com.st.stm32cube.ide.mcu.externaltools.gnu-tools-for-stm32.13.3.rel1.win32_1.0.0.202411081344/tools/bin/../lib/gcc/arm-none-eabi/13.3.1/thumb/v7e-m+fp/hard\libgcc.a(_arm_truncdfsf2.o)
                0x0800d184                __truncdfsf2
                0x0800d184                __aeabi_d2f
 .text          0x0800d224       0xa0 D:/Program Files/stm32/STM32CubeIDE_1.18.1/STM32CubeIDE/plugins/com.st.stm32cube.ide.mcu.externaltools.gnu-tools-for-stm32.13.3.rel1.win32_1.0.0.202411081344/tools/bin/../lib/gcc/arm-none-eabi/13.3.1/thumb/v7e-m+fp/hard\libgcc.a(_aeabi_ldivmod.o)
                0x0800d224                __aeabi_ldivmod
 .text          0x0800d2c4      0x2f8 D:/Program Files/stm32/STM32CubeIDE_1.18.1/STM32CubeIDE/plugins/com.st.stm32cube.ide.mcu.externaltools.gnu-tools-for-stm32.13.3.rel1.win32_1.0.0.202411081344/tools/bin/../lib/gcc/arm-none-eabi/13.3.1/thumb/v7e-m+fp/hard\libgcc.a(_udivmoddi4.o)
                0x0800d2c4                __udivmoddi4
 .text          0x0800d5bc        0x4 D:/Program Files/stm32/STM32CubeIDE_1.18.1/STM32CubeIDE/plugins/com.st.stm32cube.ide.mcu.externaltools.gnu-tools-for-stm32.13.3.rel1.win32_1.0.0.202411081344/tools/bin/../lib/gcc/arm-none-eabi/13.3.1/thumb/v7e-m+fp/hard\libgcc.a(_dvmd_tls.o)
                0x0800d5bc                __aeabi_idiv0
                0x0800d5bc                __aeabi_ldiv0
 *(.text*)
 .text.Reset_Handler
                0x0800d5c0       0x50 ./Core/Startup/startup_stm32l496zgtxp.o
                0x0800d5c0                Reset_Handler
 .text.Default_Handler
                0x0800d610        0x2 ./Core/Startup/startup_stm32l496zgtxp.o
                0x0800d610                RTC_Alarm_IRQHandler
                0x0800d610                EXTI2_IRQHandler
                0x0800d610                TIM8_TRG_COM_IRQHandler
                0x0800d610                TIM8_CC_IRQHandler
                0x0800d610                TIM1_CC_IRQHandler
                0x0800d610                TSC_IRQHandler
                0x0800d610                TAMP_STAMP_IRQHandler
                0x0800d610                CAN2_RX1_IRQHandler
                0x0800d610                EXTI3_IRQHandler
                0x0800d610                LPTIM2_IRQHandler
                0x0800d610                DFSDM1_FLT1_IRQHandler
                0x0800d610                I2C3_ER_IRQHandler
                0x0800d610                DFSDM1_FLT2_IRQHandler
                0x0800d610                EXTI0_IRQHandler
                0x0800d610                I2C2_EV_IRQHandler
                0x0800d610                CAN1_RX0_IRQHandler
                0x0800d610                FPU_IRQHandler
                0x0800d610                TIM1_UP_TIM16_IRQHandler
                0x0800d610                CAN2_SCE_IRQHandler
                0x0800d610                ADC1_2_IRQHandler
                0x0800d610                SPI1_IRQHandler
                0x0800d610                TIM6_DAC_IRQHandler
                0x0800d610                DCMI_IRQHandler
                0x0800d610                CAN2_RX0_IRQHandler
                0x0800d610                TIM8_UP_IRQHandler
                0x0800d610                DMA2_Channel2_IRQHandler
                0x0800d610                DMA1_Channel4_IRQHandler
                0x0800d610                SAI2_IRQHandler
                0x0800d610                DFSDM1_FLT3_IRQHandler
                0x0800d610                USART3_IRQHandler
                0x0800d610                DMA1_Channel7_IRQHandler
                0x0800d610                CAN1_RX1_IRQHandler
                0x0800d610                LCD_IRQHandler
                0x0800d610                UART5_IRQHandler
                0x0800d610                ADC3_IRQHandler
                0x0800d610                TIM4_IRQHandler
                0x0800d610                DMA2_Channel1_IRQHandler
                0x0800d610                QUADSPI_IRQHandler
                0x0800d610                I2C1_EV_IRQHandler
                0x0800d610                DMA1_Channel6_IRQHandler
                0x0800d610                UART4_IRQHandler
                0x0800d610                DMA2_Channel4_IRQHandler
                0x0800d610                TIM3_IRQHandler
                0x0800d610                RCC_IRQHandler
                0x0800d610                DMA1_Channel1_IRQHandler
                0x0800d610                Default_Handler
                0x0800d610                DMA2_Channel7_IRQHandler
                0x0800d610                EXTI15_10_IRQHandler
                0x0800d610                TIM7_IRQHandler
                0x0800d610                SDMMC1_IRQHandler
                0x0800d610                CAN2_TX_IRQHandler
                0x0800d610                TIM5_IRQHandler
                0x0800d610                I2C3_EV_IRQHandler
                0x0800d610                EXTI9_5_IRQHandler
                0x0800d610                RTC_WKUP_IRQHandler
                0x0800d610                PVD_PVM_IRQHandler
                0x0800d610                SPI2_IRQHandler
                0x0800d610                CAN1_TX_IRQHandler
                0x0800d610                DMA2_Channel5_IRQHandler
                0x0800d610                CRS_IRQHandler
                0x0800d610                DMA1_Channel5_IRQHandler
                0x0800d610                EXTI4_IRQHandler
                0x0800d610                RNG_IRQHandler
                0x0800d610                TIM1_TRG_COM_TIM17_IRQHandler
                0x0800d610                DMA1_Channel3_IRQHandler
                0x0800d610                COMP_IRQHandler
                0x0800d610                WWDG_IRQHandler
                0x0800d610                I2C4_EV_IRQHandler
                0x0800d610                LPUART1_IRQHandler
                0x0800d610                DMA2_Channel6_IRQHandler
                0x0800d610                TIM2_IRQHandler
                0x0800d610                EXTI1_IRQHandler
                0x0800d610                USART2_IRQHandler
                0x0800d610                DFSDM1_FLT0_IRQHandler
                0x0800d610                I2C2_ER_IRQHandler
                0x0800d610                DMA1_Channel2_IRQHandler
                0x0800d610                TIM8_BRK_IRQHandler
                0x0800d610                CAN1_SCE_IRQHandler
                0x0800d610                FLASH_IRQHandler
                0x0800d610                USART1_IRQHandler
                0x0800d610                OTG_FS_IRQHandler
                0x0800d610                SPI3_IRQHandler
                0x0800d610                I2C1_ER_IRQHandler
                0x0800d610                FMC_IRQHandler
                0x0800d610                SWPMI1_IRQHandler
                0x0800d610                LPTIM1_IRQHandler
                0x0800d610                I2C4_ER_IRQHandler
                0x0800d610                SAI1_IRQHandler
                0x0800d610                DMA2_Channel3_IRQHandler
                0x0800d610                TIM1_BRK_TIM15_IRQHandler
 .text.memset   0x0800d612       0x10 D:/Program Files/stm32/STM32CubeIDE_1.18.1/STM32CubeIDE/plugins/com.st.stm32cube.ide.mcu.externaltools.gnu-tools-for-stm32.13.3.rel1.win32_1.0.0.202411081344/tools/bin/../lib/gcc/arm-none-eabi/13.3.1/../../../../arm-none-eabi/lib/thumb/v7e-m+fp/hard\libc_nano.a(libc_a-memset.o)
                0x0800d612                memset
 *fill*         0x0800d622        0x2 
 .text.__libc_init_array
                0x0800d624       0x48 D:/Program Files/stm32/STM32CubeIDE_1.18.1/STM32CubeIDE/plugins/com.st.stm32cube.ide.mcu.externaltools.gnu-tools-for-stm32.13.3.rel1.win32_1.0.0.202411081344/tools/bin/../lib/gcc/arm-none-eabi/13.3.1/../../../../arm-none-eabi/lib/thumb/v7e-m+fp/hard\libc_nano.a(libc_a-init.o)
                0x0800d624                __libc_init_array
 *(.glue_7)
 .glue_7        0x0800d66c        0x0 linker stubs
 *(.glue_7t)
 .glue_7t       0x0800d66c        0x0 linker stubs
 *(.eh_frame)
 .eh_frame      0x0800d66c        0x0 D:/Program Files/stm32/STM32CubeIDE_1.18.1/STM32CubeIDE/plugins/com.st.stm32cube.ide.mcu.externaltools.gnu-tools-for-stm32.13.3.rel1.win32_1.0.0.202411081344/tools/bin/../lib/gcc/arm-none-eabi/13.3.1/thumb/v7e-m+fp/hard/crtbegin.o
 *(.init)
 .init          0x0800d66c        0x4 D:/Program Files/stm32/STM32CubeIDE_1.18.1/STM32CubeIDE/plugins/com.st.stm32cube.ide.mcu.externaltools.gnu-tools-for-stm32.13.3.rel1.win32_1.0.0.202411081344/tools/bin/../lib/gcc/arm-none-eabi/13.3.1/thumb/v7e-m+fp/hard/crti.o
                0x0800d66c                _init
 .init          0x0800d670        0x8 D:/Program Files/stm32/STM32CubeIDE_1.18.1/STM32CubeIDE/plugins/com.st.stm32cube.ide.mcu.externaltools.gnu-tools-for-stm32.13.3.rel1.win32_1.0.0.202411081344/tools/bin/../lib/gcc/arm-none-eabi/13.3.1/thumb/v7e-m+fp/hard/crtn.o
 *(.fini)
 .fini          0x0800d678        0x4 D:/Program Files/stm32/STM32CubeIDE_1.18.1/STM32CubeIDE/plugins/com.st.stm32cube.ide.mcu.externaltools.gnu-tools-for-stm32.13.3.rel1.win32_1.0.0.202411081344/tools/bin/../lib/gcc/arm-none-eabi/13.3.1/thumb/v7e-m+fp/hard/crti.o
                0x0800d678                _fini
 .fini          0x0800d67c        0x8 D:/Program Files/stm32/STM32CubeIDE_1.18.1/STM32CubeIDE/plugins/com.st.stm32cube.ide.mcu.externaltools.gnu-tools-for-stm32.13.3.rel1.win32_1.0.0.202411081344/tools/bin/../lib/gcc/arm-none-eabi/13.3.1/thumb/v7e-m+fp/hard/crtn.o
                0x0800d684                        . = ALIGN (0x4)
                0x0800d684                        _etext = .

.vfp11_veneer   0x0800d684        0x0
 .vfp11_veneer  0x0800d684        0x0 linker stubs

.v4_bx          0x0800d684        0x0
 .v4_bx         0x0800d684        0x0 linker stubs

.iplt           0x0800d684        0x0
 .iplt          0x0800d684        0x0 D:/Program Files/stm32/STM32CubeIDE_1.18.1/STM32CubeIDE/plugins/com.st.stm32cube.ide.mcu.externaltools.gnu-tools-for-stm32.13.3.rel1.win32_1.0.0.202411081344/tools/bin/../lib/gcc/arm-none-eabi/13.3.1/thumb/v7e-m+fp/hard/crtbegin.o

.rodata         0x0800d684       0x48
                0x0800d684                        . = ALIGN (0x4)
 *(.rodata)
 .rodata        0x0800d684       0x48 ./Core/Src/system_stm32l4xx.o
                0x0800d684                AHBPrescTable
                0x0800d694                APBPrescTable
                0x0800d69c                MSIRangeTable
 *(.rodata*)
                0x0800d6cc                        . = ALIGN (0x4)

.ARM.extab      0x0800d6cc        0x0
                0x0800d6cc                        . = ALIGN (0x4)
 *(.ARM.extab* .gnu.linkonce.armextab.*)
                0x0800d6cc                        . = ALIGN (0x4)

.ARM            0x0800d6cc        0x8
                0x0800d6cc                        . = ALIGN (0x4)
                0x0800d6cc                        __exidx_start = .
 *(.ARM.exidx*)
 .ARM.exidx     0x0800d6cc        0x8 D:/Program Files/stm32/STM32CubeIDE_1.18.1/STM32CubeIDE/plugins/com.st.stm32cube.ide.mcu.externaltools.gnu-tools-for-stm32.13.3.rel1.win32_1.0.0.202411081344/tools/bin/../lib/gcc/arm-none-eabi/13.3.1/thumb/v7e-m+fp/hard\libgcc.a(_udivmoddi4.o)
                0x0800d6d4                        __exidx_end = .
                0x0800d6d4                        . = ALIGN (0x4)

.preinit_array  0x0800d6d4        0x0
                0x0800d6d4                        . = ALIGN (0x4)
                0x0800d6d4                        PROVIDE (__preinit_array_start = .)
 *(.preinit_array*)
                0x0800d6d4                        PROVIDE (__preinit_array_end = .)
                0x0800d6d4                        . = ALIGN (0x4)

.init_array     0x0800d6d4        0x4
                0x0800d6d4                        . = ALIGN (0x4)
                0x0800d6d4                        PROVIDE (__init_array_start = .)
 *(SORT_BY_NAME(.init_array.*))
 *(.init_array*)
 .init_array    0x0800d6d4        0x4 D:/Program Files/stm32/STM32CubeIDE_1.18.1/STM32CubeIDE/plugins/com.st.stm32cube.ide.mcu.externaltools.gnu-tools-for-stm32.13.3.rel1.win32_1.0.0.202411081344/tools/bin/../lib/gcc/arm-none-eabi/13.3.1/thumb/v7e-m+fp/hard/crtbegin.o
                0x0800d6d8                        PROVIDE (__init_array_end = .)
                0x0800d6d8                        . = ALIGN (0x4)

.fini_array     0x0800d6d8        0x4
                0x0800d6d8                        . = ALIGN (0x4)
                [!provide]                        PROVIDE (__fini_array_start = .)
 *(SORT_BY_NAME(.fini_array.*))
 *(.fini_array*)
 .fini_array    0x0800d6d8        0x4 D:/Program Files/stm32/STM32CubeIDE_1.18.1/STM32CubeIDE/plugins/com.st.stm32cube.ide.mcu.externaltools.gnu-tools-for-stm32.13.3.rel1.win32_1.0.0.202411081344/tools/bin/../lib/gcc/arm-none-eabi/13.3.1/thumb/v7e-m+fp/hard/crtbegin.o
                [!provide]                        PROVIDE (__fini_array_end = .)
                0x0800d6dc                        . = ALIGN (0x4)
                0x0800d6dc                        _sidata = LOADADDR (.data)

.rel.dyn        0x0800d6dc        0x0
 .rel.iplt      0x0800d6dc        0x0 D:/Program Files/stm32/STM32CubeIDE_1.18.1/STM32CubeIDE/plugins/com.st.stm32cube.ide.mcu.externaltools.gnu-tools-for-stm32.13.3.rel1.win32_1.0.0.202411081344/tools/bin/../lib/gcc/arm-none-eabi/13.3.1/thumb/v7e-m+fp/hard/crtbegin.o

.data           0x20000000        0xc load address 0x0800d6dc
                0x20000000                        . = ALIGN (0x4)
                0x20000000                        _sdata = .
 *(.data)
 .data          0x20000000        0x4 ./Core/Src/system_stm32l4xx.o
                0x20000000                SystemCoreClock
 .data          0x20000004        0x5 ./Drivers/STM32L4xx_HAL_Driver/stm32l4xx_hal.o
                0x20000004                uwTickPrio
                0x20000008                uwTickFreq
 *(.data*)
 *(.RamFunc)
 *(.RamFunc*)
                0x2000000c                        . = ALIGN (0x4)
 *fill*         0x20000009        0x3 
                0x2000000c                        _edata = .

.igot.plt       0x2000000c        0x0 load address 0x0800d6e8
 .igot.plt      0x2000000c        0x0 D:/Program Files/stm32/STM32CubeIDE_1.18.1/STM32CubeIDE/plugins/com.st.stm32cube.ide.mcu.externaltools.gnu-tools-for-stm32.13.3.rel1.win32_1.0.0.202411081344/tools/bin/../lib/gcc/arm-none-eabi/13.3.1/thumb/v7e-m+fp/hard/crtbegin.o
                0x2000000c                        . = ALIGN (0x4)

.bss            0x2000000c       0xdc load address 0x0800d6e8
                0x2000000c                        _sbss = .
                0x2000000c                        __bss_start__ = _sbss
 *(.bss)
 .bss           0x2000000c       0x1c D:/Program Files/stm32/STM32CubeIDE_1.18.1/STM32CubeIDE/plugins/com.st.stm32cube.ide.mcu.externaltools.gnu-tools-for-stm32.13.3.rel1.win32_1.0.0.202411081344/tools/bin/../lib/gcc/arm-none-eabi/13.3.1/thumb/v7e-m+fp/hard/crtbegin.o
 .bss           0x20000028       0x5c ./Core/Src/BME280_STM32.o
                0x20000028                chipID
                0x2000002c                TrimParam
                0x20000050                tRaw
                0x20000054                pRaw
                0x20000058                hRaw
                0x2000005c                dig_T1
                0x2000005e                dig_P1
                0x20000060                dig_H1
                0x20000062                dig_H3
                0x20000064                dig_T2
                0x20000066                dig_T3
                0x20000068                dig_P2
                0x2000006a                dig_P3
                0x2000006c                dig_P4
                0x2000006e                dig_P5
                0x20000070                dig_P6
                0x20000072                dig_P7
                0x20000074                dig_P8
                0x20000076                dig_P9
                0x20000078                dig_H2
                0x2000007a                dig_H4
                0x2000007c                dig_H5
                0x2000007e                dig_H6
                0x20000080                t_fine
 .bss           0x20000084       0x60 ./Core/Src/main.o
                0x20000084                hi2c1
                0x200000d8                Temperature
                0x200000dc                Pressure
                0x200000e0                Humidity
 .bss           0x200000e4        0x4 ./Drivers/STM32L4xx_HAL_Driver/stm32l4xx_hal.o
                0x200000e4                uwTick
 *(.bss*)
 *(COMMON)
                0x200000e8                        . = ALIGN (0x4)
                0x200000e8                        _ebss = .
                0x200000e8                        __bss_end__ = _ebss

._user_heap_stack
                0x200000e8      0x600 load address 0x0800d6e8
                0x200000e8                        . = ALIGN (0x8)
                [!provide]                        PROVIDE (end = .)
                0x200000e8                        PROVIDE (_end = .)
                0x200002e8                        . = (. + _Min_Heap_Size)
 *fill*         0x200000e8      0x200 
                0x200006e8                        . = (. + _Min_Stack_Size)
 *fill*         0x200002e8      0x400 
                0x200006e8                        . = ALIGN (0x8)

/DISCARD/
 libc.a(*)
 libm.a(*)
 libgcc.a(*)

.ARM.attributes
                0x00000000       0x30
 *(.ARM.attributes)
 .ARM.attributes
                0x00000000       0x22 D:/Program Files/stm32/STM32CubeIDE_1.18.1/STM32CubeIDE/plugins/com.st.stm32cube.ide.mcu.externaltools.gnu-tools-for-stm32.13.3.rel1.win32_1.0.0.202411081344/tools/bin/../lib/gcc/arm-none-eabi/13.3.1/thumb/v7e-m+fp/hard/crti.o
 .ARM.attributes
                0x00000022       0x34 D:/Program Files/stm32/STM32CubeIDE_1.18.1/STM32CubeIDE/plugins/com.st.stm32cube.ide.mcu.externaltools.gnu-tools-for-stm32.13.3.rel1.win32_1.0.0.202411081344/tools/bin/../lib/gcc/arm-none-eabi/13.3.1/thumb/v7e-m+fp/hard/crtbegin.o
 .ARM.attributes
                0x00000056       0x34 ./Core/Src/BME280_STM32.o
 .ARM.attributes
                0x0000008a       0x34 ./Core/Src/main.o
 .ARM.attributes
                0x000000be       0x34 ./Core/Src/stm32l4xx_hal_msp.o
 .ARM.attributes
                0x000000f2       0x34 ./Core/Src/stm32l4xx_it.o
 .ARM.attributes
                0x00000126       0x34 ./Core/Src/system_stm32l4xx.o
 .ARM.attributes
                0x0000015a       0x21 ./Core/Startup/startup_stm32l496zgtxp.o
 .ARM.attributes
                0x0000017b       0x34 ./Drivers/STM32L4xx_HAL_Driver/stm32l4xx_hal.o
 .ARM.attributes
                0x000001af       0x34 ./Drivers/STM32L4xx_HAL_Driver/stm32l4xx_hal_cortex.o
 .ARM.attributes
                0x000001e3       0x34 ./Drivers/STM32L4xx_HAL_Driver/stm32l4xx_hal_dma.o
 .ARM.attributes
                0x00000217       0x34 ./Drivers/STM32L4xx_HAL_Driver/stm32l4xx_hal_gpio.o
 .ARM.attributes
                0x0000024b       0x34 ./Drivers/STM32L4xx_HAL_Driver/stm32l4xx_hal_i2c.o
 .ARM.attributes
                0x0000027f       0x34 ./Drivers/STM32L4xx_HAL_Driver/stm32l4xx_hal_i2c_ex.o
 .ARM.attributes
                0x000002b3       0x34 ./Drivers/STM32L4xx_HAL_Driver/stm32l4xx_hal_pwr.o
 .ARM.attributes
                0x000002e7       0x34 ./Drivers/STM32L4xx_HAL_Driver/stm32l4xx_hal_pwr_ex.o
 .ARM.attributes
                0x0000031b       0x34 ./Drivers/STM32L4xx_HAL_Driver/stm32l4xx_hal_rcc.o
 .ARM.attributes
                0x0000034f       0x34 ./Drivers/STM32L4xx_HAL_Driver/stm32l4xx_hal_rcc_ex.o
 .ARM.attributes
                0x00000383       0x34 D:/Program Files/stm32/STM32CubeIDE_1.18.1/STM32CubeIDE/plugins/com.st.stm32cube.ide.mcu.externaltools.gnu-tools-for-stm32.13.3.rel1.win32_1.0.0.202411081344/tools/bin/../lib/gcc/arm-none-eabi/13.3.1/../../../../arm-none-eabi/lib/thumb/v7e-m+fp/hard\libc_nano.a(libc_a-memset.o)
 .ARM.attributes
                0x000003b7       0x34 D:/Program Files/stm32/STM32CubeIDE_1.18.1/STM32CubeIDE/plugins/com.st.stm32cube.ide.mcu.externaltools.gnu-tools-for-stm32.13.3.rel1.win32_1.0.0.202411081344/tools/bin/../lib/gcc/arm-none-eabi/13.3.1/../../../../arm-none-eabi/lib/thumb/v7e-m+fp/hard\libc_nano.a(libc_a-init.o)
 .ARM.attributes
                0x000003eb       0x22 D:/Program Files/stm32/STM32CubeIDE_1.18.1/STM32CubeIDE/plugins/com.st.stm32cube.ide.mcu.externaltools.gnu-tools-for-stm32.13.3.rel1.win32_1.0.0.202411081344/tools/bin/../lib/gcc/arm-none-eabi/13.3.1/thumb/v7e-m+fp/hard\libgcc.a(_arm_addsubdf3.o)
 .ARM.attributes
                0x0000040d       0x22 D:/Program Files/stm32/STM32CubeIDE_1.18.1/STM32CubeIDE/plugins/com.st.stm32cube.ide.mcu.externaltools.gnu-tools-for-stm32.13.3.rel1.win32_1.0.0.202411081344/tools/bin/../lib/gcc/arm-none-eabi/13.3.1/thumb/v7e-m+fp/hard\libgcc.a(_arm_muldivdf3.o)
 .ARM.attributes
                0x0000042f       0x22 D:/Program Files/stm32/STM32CubeIDE_1.18.1/STM32CubeIDE/plugins/com.st.stm32cube.ide.mcu.externaltools.gnu-tools-for-stm32.13.3.rel1.win32_1.0.0.202411081344/tools/bin/../lib/gcc/arm-none-eabi/13.3.1/thumb/v7e-m+fp/hard\libgcc.a(_arm_truncdfsf2.o)
 .ARM.attributes
                0x00000451       0x22 D:/Program Files/stm32/STM32CubeIDE_1.18.1/STM32CubeIDE/plugins/com.st.stm32cube.ide.mcu.externaltools.gnu-tools-for-stm32.13.3.rel1.win32_1.0.0.202411081344/tools/bin/../lib/gcc/arm-none-eabi/13.3.1/thumb/v7e-m+fp/hard\libgcc.a(_aeabi_ldivmod.o)
 .ARM.attributes
                0x00000473       0x34 D:/Program Files/stm32/STM32CubeIDE_1.18.1/STM32CubeIDE/plugins/com.st.stm32cube.ide.mcu.externaltools.gnu-tools-for-stm32.13.3.rel1.win32_1.0.0.202411081344/tools/bin/../lib/gcc/arm-none-eabi/13.3.1/thumb/v7e-m+fp/hard\libgcc.a(_udivmoddi4.o)
 .ARM.attributes
                0x000004a7       0x22 D:/Program Files/stm32/STM32CubeIDE_1.18.1/STM32CubeIDE/plugins/com.st.stm32cube.ide.mcu.externaltools.gnu-tools-for-stm32.13.3.rel1.win32_1.0.0.202411081344/tools/bin/../lib/gcc/arm-none-eabi/13.3.1/thumb/v7e-m+fp/hard\libgcc.a(_dvmd_tls.o)
 .ARM.attributes
                0x000004c9       0x22 D:/Program Files/stm32/STM32CubeIDE_1.18.1/STM32CubeIDE/plugins/com.st.stm32cube.ide.mcu.externaltools.gnu-tools-for-stm32.13.3.rel1.win32_1.0.0.202411081344/tools/bin/../lib/gcc/arm-none-eabi/13.3.1/thumb/v7e-m+fp/hard/crtn.o
OUTPUT(bmewithstm32.elf elf32-littlearm)
LOAD linker stubs
LOAD D:/Program Files/stm32/STM32CubeIDE_1.18.1/STM32CubeIDE/plugins/com.st.stm32cube.ide.mcu.externaltools.gnu-tools-for-stm32.13.3.rel1.win32_1.0.0.202411081344/tools/bin/../lib/gcc/arm-none-eabi/13.3.1/../../../../arm-none-eabi/lib/thumb/v7e-m+fp/hard\libc.a
LOAD D:/Program Files/stm32/STM32CubeIDE_1.18.1/STM32CubeIDE/plugins/com.st.stm32cube.ide.mcu.externaltools.gnu-tools-for-stm32.13.3.rel1.win32_1.0.0.202411081344/tools/bin/../lib/gcc/arm-none-eabi/13.3.1/../../../../arm-none-eabi/lib/thumb/v7e-m+fp/hard\libm.a
LOAD D:/Program Files/stm32/STM32CubeIDE_1.18.1/STM32CubeIDE/plugins/com.st.stm32cube.ide.mcu.externaltools.gnu-tools-for-stm32.13.3.rel1.win32_1.0.0.202411081344/tools/bin/../lib/gcc/arm-none-eabi/13.3.1/thumb/v7e-m+fp/hard\libgcc.a

.comment        0x00000000       0x43
 .comment       0x00000000       0x43 ./Core/Src/BME280_STM32.o
                                 0x44 (size before relaxing)
 .comment       0x00000043       0x44 ./Core/Src/main.o
 .comment       0x00000043       0x44 ./Core/Src/stm32l4xx_hal_msp.o
 .comment       0x00000043       0x44 ./Core/Src/stm32l4xx_it.o
 .comment       0x00000043       0x44 ./Core/Src/system_stm32l4xx.o
 .comment       0x00000043       0x44 ./Drivers/STM32L4xx_HAL_Driver/stm32l4xx_hal.o
 .comment       0x00000043       0x44 ./Drivers/STM32L4xx_HAL_Driver/stm32l4xx_hal_cortex.o
 .comment       0x00000043       0x44 ./Drivers/STM32L4xx_HAL_Driver/stm32l4xx_hal_dma.o
 .comment       0x00000043       0x44 ./Drivers/STM32L4xx_HAL_Driver/stm32l4xx_hal_gpio.o
 .comment       0x00000043       0x44 ./Drivers/STM32L4xx_HAL_Driver/stm32l4xx_hal_i2c.o
 .comment       0x00000043       0x44 ./Drivers/STM32L4xx_HAL_Driver/stm32l4xx_hal_i2c_ex.o
 .comment       0x00000043       0x44 ./Drivers/STM32L4xx_HAL_Driver/stm32l4xx_hal_pwr.o
 .comment       0x00000043       0x44 ./Drivers/STM32L4xx_HAL_Driver/stm32l4xx_hal_pwr_ex.o
 .comment       0x00000043       0x44 ./Drivers/STM32L4xx_HAL_Driver/stm32l4xx_hal_rcc.o
 .comment       0x00000043       0x44 ./Drivers/STM32L4xx_HAL_Driver/stm32l4xx_hal_rcc_ex.o

.debug_frame    0x00000000      0x1e4
 .debug_frame   0x00000000       0x20 D:/Program Files/stm32/STM32CubeIDE_1.18.1/STM32CubeIDE/plugins/com.st.stm32cube.ide.mcu.externaltools.gnu-tools-for-stm32.13.3.rel1.win32_1.0.0.202411081344/tools/bin/../lib/gcc/arm-none-eabi/13.3.1/../../../../arm-none-eabi/lib/thumb/v7e-m+fp/hard\libc_nano.a(libc_a-memset.o)
 .debug_frame   0x00000020       0x2c D:/Program Files/stm32/STM32CubeIDE_1.18.1/STM32CubeIDE/plugins/com.st.stm32cube.ide.mcu.externaltools.gnu-tools-for-stm32.13.3.rel1.win32_1.0.0.202411081344/tools/bin/../lib/gcc/arm-none-eabi/13.3.1/../../../../arm-none-eabi/lib/thumb/v7e-m+fp/hard\libc_nano.a(libc_a-init.o)
 .debug_frame   0x0000004c       0xac D:/Program Files/stm32/STM32CubeIDE_1.18.1/STM32CubeIDE/plugins/com.st.stm32cube.ide.mcu.externaltools.gnu-tools-for-stm32.13.3.rel1.win32_1.0.0.202411081344/tools/bin/../lib/gcc/arm-none-eabi/13.3.1/thumb/v7e-m+fp/hard\libgcc.a(_arm_addsubdf3.o)
 .debug_frame   0x000000f8       0x50 D:/Program Files/stm32/STM32CubeIDE_1.18.1/STM32CubeIDE/plugins/com.st.stm32cube.ide.mcu.externaltools.gnu-tools-for-stm32.13.3.rel1.win32_1.0.0.202411081344/tools/bin/../lib/gcc/arm-none-eabi/13.3.1/thumb/v7e-m+fp/hard\libgcc.a(_arm_muldivdf3.o)
 .debug_frame   0x00000148       0x24 D:/Program Files/stm32/STM32CubeIDE_1.18.1/STM32CubeIDE/plugins/com.st.stm32cube.ide.mcu.externaltools.gnu-tools-for-stm32.13.3.rel1.win32_1.0.0.202411081344/tools/bin/../lib/gcc/arm-none-eabi/13.3.1/thumb/v7e-m+fp/hard\libgcc.a(_arm_truncdfsf2.o)
 .debug_frame   0x0000016c       0x44 D:/Program Files/stm32/STM32CubeIDE_1.18.1/STM32CubeIDE/plugins/com.st.stm32cube.ide.mcu.externaltools.gnu-tools-for-stm32.13.3.rel1.win32_1.0.0.202411081344/tools/bin/../lib/gcc/arm-none-eabi/13.3.1/thumb/v7e-m+fp/hard\libgcc.a(_aeabi_ldivmod.o)
 .debug_frame   0x000001b0       0x34 D:/Program Files/stm32/STM32CubeIDE_1.18.1/STM32CubeIDE/plugins/com.st.stm32cube.ide.mcu.externaltools.gnu-tools-for-stm32.13.3.rel1.win32_1.0.0.202411081344/tools/bin/../lib/gcc/arm-none-eabi/13.3.1/thumb/v7e-m+fp/hard\libgcc.a(_udivmoddi4.o)
